[0906/165027.598:ERROR:ui\gl\init\gl_factory.cc:102] Requested GL implementation (gl=none,angle=none) not found in allowed implementations: [(gl=egl-angle,angle=default)].
[0906/165027.631:ERROR:components\viz\service\main\viz_main_impl.cc:189] Exiting GPU process due to errors during initialization
[0906/165028.876:ERROR:gpu\command_buffer\service\shared_image\shared_image_manager.cc:404] SharedImageManager::ProduceSkia: Trying to produce a Skia representation from an incompatible backing: GLTextureImageBacking
[0906/165028.877:ERROR:cc\raster\one_copy_raster_buffer_provider.cc:282] Creation of StagingBuffer's SharedImage failed.
[0906/165028.878:ERROR:gpu\command_buffer\service\raster_decoder.cc:1888] [.RendererRasterWorker-0x3a5400145200]GL ERROR :GL_INVALID_VALUE : glCopySubTexture: unknown mailbox
[0906/165030.412:ERROR:gpu\command_buffer\service\gl_utils.cc:389] [.WebGL-0x3a5401c60e00]GL Driver Message (OpenGL, Performance, GL_CLOSE_PATH_NV, High): GPU stall due to ReadPixels
[0906/165031.687:ERROR:gpu\command_buffer\service\gl_utils.cc:389] [.WebGL-0x3a5401c60e00]GL Driver Message (OpenGL, Performance, GL_CLOSE_PATH_NV, High): GPU stall due to ReadPixels
[0906/165032.106:ERROR:gpu\command_buffer\service\gl_utils.cc:389] [.WebGL-0x3a5401c60e00]GL Driver Message (OpenGL, Performance, GL_CLOSE_PATH_NV, High): GPU stall due to ReadPixels
[0906/165032.432:ERROR:gpu\command_buffer\service\gl_utils.cc:389] [.WebGL-0x3a5401c60e00]GL Driver Message (OpenGL, Performance, GL_CLOSE_PATH_NV, High): GPU stall due to ReadPixels (this message will no longer repeat)
[0906/165908.995:ERROR:ui\gl\init\gl_factory.cc:102] Requested GL implementation (gl=none,angle=none) not found in allowed implementations: [(gl=egl-angle,angle=default)].
[0906/165908.997:ERROR:components\viz\service\main\viz_main_impl.cc:189] Exiting GPU process due to errors during initialization
[0906/165909.296:ERROR:gpu\ipc\client\command_buffer_proxy_impl.cc:122] ContextResult::kTransientFailure: Failed to send GpuControl.CreateCommandBuffer.
[0906/165909.615:ERROR:gpu\command_buffer\service\gl_utils.cc:389] [.WebGL-0x65ac011b8700]GL Driver Message (OpenGL, Performance, GL_CLOSE_PATH_NV, High): GPU stall due to ReadPixels
[0906/165910.406:ERROR:gpu\command_buffer\service\gl_utils.cc:389] [.WebGL-0x65ac011b8700]GL Driver Message (OpenGL, Performance, GL_CLOSE_PATH_NV, High): GPU stall due to ReadPixels
[0906/165911.982:ERROR:gpu\command_buffer\service\gl_utils.cc:389] [.WebGL-0x65ac011b8700]GL Driver Message (OpenGL, Performance, GL_CLOSE_PATH_NV, High): GPU stall due to ReadPixels
[0906/165912.371:ERROR:gpu\command_buffer\service\gl_utils.cc:389] [.WebGL-0x65ac011b8700]GL Driver Message (OpenGL, Performance, GL_CLOSE_PATH_NV, High): GPU stall due to ReadPixels (this message will no longer repeat)
[0906/170544.965:ERROR:ui\gl\init\gl_factory.cc:102] Requested GL implementation (gl=none,angle=none) not found in allowed implementations: [(gl=egl-angle,angle=default)].
[0906/170544.967:ERROR:components\viz\service\main\viz_main_impl.cc:189] Exiting GPU process due to errors during initialization
[0906/170545.179:ERROR:gpu\ipc\client\command_buffer_proxy_impl.cc:122] ContextResult::kTransientFailure: Failed to send GpuControl.CreateCommandBuffer.
[0906/170545.382:ERROR:gpu\command_buffer\service\gl_utils.cc:389] [.WebGL-0x4ed401504e00]GL Driver Message (OpenGL, Performance, GL_CLOSE_PATH_NV, High): GPU stall due to ReadPixels
[0906/170545.950:ERROR:gpu\command_buffer\service\gl_utils.cc:389] [.WebGL-0x4ed401504e00]GL Driver Message (OpenGL, Performance, GL_CLOSE_PATH_NV, High): GPU stall due to ReadPixels
[0906/170546.939:ERROR:gpu\command_buffer\service\gl_utils.cc:389] [.WebGL-0x4ed401504e00]GL Driver Message (OpenGL, Performance, GL_CLOSE_PATH_NV, High): GPU stall due to ReadPixels
[0906/170547.296:ERROR:gpu\command_buffer\service\gl_utils.cc:389] [.WebGL-0x4ed401504e00]GL Driver Message (OpenGL, Performance, GL_CLOSE_PATH_NV, High): GPU stall due to ReadPixels (this message will no longer repeat)
[0906/171042.185:ERROR:ui\gl\init\gl_factory.cc:102] Requested GL implementation (gl=none,angle=none) not found in allowed implementations: [(gl=egl-angle,angle=default)].
[0906/171042.449:ERROR:components\viz\service\main\viz_main_impl.cc:189] Exiting GPU process due to errors during initialization
[0906/171043.698:ERROR:gpu\ipc\client\command_buffer_proxy_impl.cc:122] ContextResult::kTransientFailure: Failed to send GpuControl.CreateCommandBuffer.
[0906/171044.592:ERROR:gpu\command_buffer\service\gl_utils.cc:389] [.WebGL-0xb34000e6200]GL Driver Message (OpenGL, Performance, GL_CLOSE_PATH_NV, High): GPU stall due to ReadPixels
[0906/171046.467:ERROR:gpu\command_buffer\service\gl_utils.cc:389] [.WebGL-0xb34000e6200]GL Driver Message (OpenGL, Performance, GL_CLOSE_PATH_NV, High): GPU stall due to ReadPixels
[0906/171048.816:ERROR:gpu\command_buffer\service\gl_utils.cc:389] [.WebGL-0xb34000e6200]GL Driver Message (OpenGL, Performance, GL_CLOSE_PATH_NV, High): GPU stall due to ReadPixels
[0906/171048.974:ERROR:gpu\command_buffer\service\gl_utils.cc:389] [.WebGL-0xb34000e6200]GL Driver Message (OpenGL, Performance, GL_CLOSE_PATH_NV, High): GPU stall due to ReadPixels (this message will no longer repeat)
[0906/171109.558:WARNING:media\audio\audio_output_device.cc:338] Output device authorization timed out
[0906/171605.458:ERROR:ui\gl\init\gl_factory.cc:102] Requested GL implementation (gl=none,angle=none) not found in allowed implementations: [(gl=egl-angle,angle=default)].
[0906/171605.471:ERROR:components\viz\service\main\viz_main_impl.cc:189] Exiting GPU process due to errors during initialization
[0906/171606.286:ERROR:gpu\ipc\client\command_buffer_proxy_impl.cc:122] ContextResult::kTransientFailure: Failed to send GpuControl.CreateCommandBuffer.
[0906/171607.778:ERROR:gpu\command_buffer\service\gl_utils.cc:389] [.WebGL-0x149401171c00]GL Driver Message (OpenGL, Performance, GL_CLOSE_PATH_NV, High): GPU stall due to ReadPixels
[0906/171609.326:ERROR:gpu\command_buffer\service\gl_utils.cc:389] [.WebGL-0x149401171c00]GL Driver Message (OpenGL, Performance, GL_CLOSE_PATH_NV, High): GPU stall due to ReadPixels
[0906/171611.405:ERROR:gpu\command_buffer\service\gl_utils.cc:389] [.WebGL-0x149401171c00]GL Driver Message (OpenGL, Performance, GL_CLOSE_PATH_NV, High): GPU stall due to ReadPixels
[0906/171612.037:ERROR:gpu\command_buffer\service\gl_utils.cc:389] [.WebGL-0x149401171c00]GL Driver Message (OpenGL, Performance, GL_CLOSE_PATH_NV, High): GPU stall due to ReadPixels (this message will no longer repeat)
